[2026-03-25 19:06:58] SettingsViewModel constructor start
[2026-03-25 19:06:58] Calling LoadFromSettings
[2026-03-25 19:06:58] LoadFromSettings called with: {"SpeedX":1000,"SpeedY":1000,"SpeedXHand":200,"SpeedYHand":200,"SpeedZ":1000,"SpeedZHand":200,"XMin":0,"XMax":1000,"YMin":0,"YMax":600,"ZMin":0,"ZMax":500,"ToolLength1":50,"ToolLength2":50,"ToolLength3":50,"HomeX":0,"HomeY":0,"SafetyHeight":50,"ClampForce":100,"SuperviseTimePunching":0,"RunningTimeBeltWorkpiece":0,"RunningTimeBeltRest":0,"WaitingTimeClosingGrippers":0,"WaitingTimeOpenGrippers":0,"WaitingTimeClosingClamping":0,"WaitingTimeOpenClamping":0,"PartDropOffPosition":0,"GrabPositionGripper":0,"ChangeoverPositionPunching":0,"ChangeoverPositionCutting":0,"OffsetSideStop":0,"ZeroPointTool4":0,"ChangePositionTool4":0,"XAxisAcceleration":0,"XAxisUnblockY":0,"YAxisAcceleration":0,"YAxisUnblockXRight":0,"YAxisUnblockXLeft":0,"YAxisSideStop":0,"ZAxisAcceleration":0}
[2026-03-25 19:06:58] LoadFromSettings finished property assignment
[2026-03-25 19:06:58] LoadFromSettings completed
[2026-03-29 14:00:45] SettingsViewModel constructor start
[2026-03-29 14:00:45] Calling LoadFromSettings
[2026-03-29 14:00:45] LoadFromSettings called with: {"SpeedX":1000,"SpeedY":1000,"SpeedXHand":200,"SpeedYHand":200,"SpeedZ":1000,"SpeedZHand":200,"XMin":0,"XMax":1000,"YMin":0,"YMax":600,"ZMin":0,"ZMax":500,"ToolLength1":50,"ToolLength2":50,"ToolLength3":50,"HomeX":0,"HomeY":0,"SafetyHeight":50,"ClampForce":100,"SuperviseTimePunching":0,"RunningTimeBeltWorkpiece":0,"RunningTimeBeltRest":0,"WaitingTimeClosingGrippers":0,"WaitingTimeOpenGrippers":0,"WaitingTimeClosingClamping":0,"WaitingTimeOpenClamping":0,"PartDropOffPosition":0,"GrabPositionGripper":0,"ChangeoverPositionPunching":0,"ChangeoverPositionCutting":0,"OffsetSideStop":0,"ZeroPointTool4":0,"ChangePositionTool4":0,"XAxisAcceleration":0,"XAxisUnblockY":0,"YAxisAcceleration":0,"YAxisUnblockXRight":0,"YAxisUnblockXLeft":0,"YAxisSideStop":0,"ZAxisAcceleration":0}
[2026-03-29 14:00:45] LoadFromSettings finished property assignment
[2026-03-29 14:00:45] LoadFromSettings completed
[2026-03-29 14:02:18] SettingsViewModel constructor start
[2026-03-29 14:02:18] Calling LoadFromSettings
[2026-03-29 14:02:18] LoadFromSettings called with: {"SpeedX":1000,"SpeedY":1000,"SpeedXHand":200,"SpeedYHand":200,"SpeedZ":1000,"SpeedZHand":200,"XMin":0,"XMax":1000,"YMin":0,"YMax":600,"ZMin":0,"ZMax":500,"ToolLength1":50,"ToolLength2":50,"ToolLength3":50,"HomeX":0,"HomeY":0,"SafetyHeight":50,"ClampForce":100,"SuperviseTimePunching":0,"RunningTimeBeltWorkpiece":0,"RunningTimeBeltRest":0,"WaitingTimeClosingGrippers":0,"WaitingTimeOpenGrippers":0,"WaitingTimeClosingClamping":0,"WaitingTimeOpenClamping":0,"PartDropOffPosition":0,"GrabPositionGripper":0,"ChangeoverPositionPunching":0,"ChangeoverPositionCutting":0,"OffsetSideStop":0,"ZeroPointTool4":0,"ChangePositionTool4":0,"XAxisAcceleration":0,"XAxisUnblockY":0,"YAxisAcceleration":0,"YAxisUnblockXRight":0,"YAxisUnblockXLeft":0,"YAxisSideStop":0,"ZAxisAcceleration":0}
[2026-03-29 14:02:18] LoadFromSettings finished property assignment
[2026-03-29 14:02:18] LoadFromSettings completed
[2026-03-29 14:03:53] SettingsViewModel constructor start
[2026-03-29 14:03:53] Calling LoadFromSettings
[2026-03-29 14:03:53] LoadFromSettings called with: {"SpeedX":1000,"SpeedY":1000,"SpeedXHand":200,"SpeedYHand":200,"SpeedZ":1000,"SpeedZHand":200,"XMin":0,"XMax":1000,"YMin":0,"YMax":600,"ZMin":0,"ZMax":500,"ToolLength1":50,"ToolLength2":50,"ToolLength3":50,"HomeX":0,"HomeY":0,"SafetyHeight":50,"ClampForce":100,"SuperviseTimePunching":0,"RunningTimeBeltWorkpiece":0,"RunningTimeBeltRest":0,"WaitingTimeClosingGrippers":0,"WaitingTimeOpenGrippers":0,"WaitingTimeClosingClamping":0,"WaitingTimeOpenClamping":0,"PartDropOffPosition":0,"GrabPositionGripper":0,"ChangeoverPositionPunching":0,"ChangeoverPositionCutting":0,"OffsetSideStop":0,"ZeroPointTool4":0,"ChangePositionTool4":0,"XAxisAcceleration":0,"XAxisUnblockY":0,"YAxisAcceleration":0,"YAxisUnblockXRight":0,"YAxisUnblockXLeft":0,"YAxisSideStop":0,"ZAxisAcceleration":0}
[2026-03-29 14:03:53] LoadFromSettings finished property assignment
[2026-03-29 14:03:53] LoadFromSettings completed
[2026-03-29 14:04:29] SettingsViewModel constructor start
[2026-03-29 14:04:29] Calling LoadFromSettings
[2026-03-29 14:04:29] LoadFromSettings called with: {"SpeedX":1000,"SpeedY":1000,"SpeedXHand":200,"SpeedYHand":200,"SpeedZ":1000,"SpeedZHand":200,"XMin":0,"XMax":1000,"YMin":0,"YMax":600,"ZMin":0,"ZMax":500,"ToolLength1":50,"ToolLength2":50,"ToolLength3":50,"HomeX":0,"HomeY":0,"SafetyHeight":50,"ClampForce":100,"SuperviseTimePunching":0,"RunningTimeBeltWorkpiece":0,"RunningTimeBeltRest":0,"WaitingTimeClosingGrippers":0,"WaitingTimeOpenGrippers":0,"WaitingTimeClosingClamping":0,"WaitingTimeOpenClamping":0,"PartDropOffPosition":0,"GrabPositionGripper":0,"ChangeoverPositionPunching":0,"ChangeoverPositionCutting":0,"OffsetSideStop":0,"ZeroPointTool4":0,"ChangePositionTool4":0,"XAxisAcceleration":0,"XAxisUnblockY":0,"YAxisAcceleration":0,"YAxisUnblockXRight":0,"YAxisUnblockXLeft":0,"YAxisSideStop":0,"ZAxisAcceleration":0}
[2026-03-29 14:04:29] LoadFromSettings finished property assignment
[2026-03-29 14:04:29] LoadFromSettings completed
[2026-06-15 18:55:35] SettingsViewModel constructor start
[2026-06-15 18:55:35] Calling LoadFromSettings
[2026-06-15 18:55:35] LoadFromSettings called with: {"SpeedX":30,"SpeedY":30,"SpeedXHand":50,"SpeedYHand":200,"SpeedZ":1000,"SpeedZHand":200,"XMin":70,"XMax":50,"YMin":60,"YMax":800,"ZMin":0,"ZMax":500,"ToolLength1":50,"ToolLength2":50,"ToolLength3":50,"ToolLength4":50,"T1OffsetPos":10,"T2OffsetPos":20,"T3OffsetPos":30,"T4OffsetPos":40,"T1OffsetPosX":30,"T2OffsetPosX":40,"T3OffsetPosX":50,"T4OffsetPosX":60,"HomeX":0,"HomeY":0,"SafetyHeight":50,"ClampForce":100,"SuperviseTimePunching":0,"RunningTimeBeltWorkpiece":0,"RunningTimeBeltRest":0,"WaitingTimeClosingGrippers":0,"WaitingTimeOpenGrippers":0,"WaitingTimeClosingClamping":0,"WaitingTimeOpenClamping":0,"PartDropOffPosition":0,"GrabPositionGripper":0,"ChangeoverPositionPunching":0,"ChangeoverPositionCutting":0,"OffsetSideStop":0,"ZeroPointTool4":0,"ChangePositionTool4":0,"XAxisAcceleration":0,"XAxisUnblockY":0,"YAxisAcceleration":0,"YAxisUnblockXRight":0,"YAxisUnblockXLeft":0,"YAxisSideStop":0,"ZAxisAcceleration":0,"HOMEX_POS":0,"HOMEY_POS":0}
[2026-06-15 18:55:35] LoadFromSettings finished property assignment
[2026-06-15 18:55:35] LoadFromSettings completed
[2026-06-15 19:03:23] SettingsViewModel constructor start
[2026-06-15 19:03:23] Calling LoadFromSettings
[2026-06-15 19:03:23] LoadFromSettings called with: {"SpeedX":30,"SpeedY":30,"SpeedXHand":50,"SpeedYHand":200,"SpeedZ":1000,"SpeedZHand":200,"XMin":70,"XMax":50,"YMin":60,"YMax":800,"ZMin":0,"ZMax":500,"ToolLength1":150,"ToolLength2":250,"ToolLength3":350,"ToolLength4":450,"T1OffsetPos":10,"T2OffsetPos":20,"T3OffsetPos":30,"T4OffsetPos":40,"T1OffsetPosX":300,"T2OffsetPosX":400,"T3OffsetPosX":50,"T4OffsetPosX":60,"HomeX":0,"HomeY":0,"SafetyHeight":50,"ClampForce":100,"SuperviseTimePunching":0,"RunningTimeBeltWorkpiece":0,"RunningTimeBeltRest":0,"WaitingTimeClosingGrippers":0,"WaitingTimeOpenGrippers":0,"WaitingTimeClosingClamping":0,"WaitingTimeOpenClamping":0,"PartDropOffPosition":0,"GrabPositionGripper":0,"ChangeoverPositionPunching":0,"ChangeoverPositionCutting":0,"OffsetSideStop":0,"ZeroPointTool4":0,"ChangePositionTool4":0,"XAxisAcceleration":0,"XAxisUnblockY":0,"YAxisAcceleration":0,"YAxisUnblockXRight":0,"YAxisUnblockXLeft":0,"YAxisSideStop":0,"ZAxisAcceleration":0,"HOMEX_POS":0,"HOMEY_POS":0}
[2026-06-15 19:03:24] LoadFromSettings finished property assignment
[2026-06-15 19:03:24] LoadFromSettings completed
[2026-06-15 19:06:28] SettingsViewModel constructor start
[2026-06-15 19:06:28] Calling LoadFromSettings
[2026-06-15 19:06:28] LoadFromSettings called with: {"SpeedX":30,"SpeedY":30,"SpeedXHand":50,"SpeedYHand":200,"SpeedZ":1000,"SpeedZHand":200,"XMin":70,"XMax":50,"YMin":60,"YMax":800,"ZMin":0,"ZMax":500,"ToolLength1":150,"ToolLength2":250,"ToolLength3":350,"ToolLength4":450,"T1OffsetPos":10,"T2OffsetPos":20,"T3OffsetPos":30,"T4OffsetPos":40,"T1OffsetPosX":300,"T2OffsetPosX":400,"T3OffsetPosX":50,"T4OffsetPosX":60,"HomeX":0,"HomeY":0,"SafetyHeight":50,"ClampForce":100,"SuperviseTimePunching":0,"RunningTimeBeltWorkpiece":0,"RunningTimeBeltRest":0,"WaitingTimeClosingGrippers":0,"WaitingTimeOpenGrippers":0,"WaitingTimeClosingClamping":0,"WaitingTimeOpenClamping":0,"PartDropOffPosition":0,"GrabPositionGripper":0,"ChangeoverPositionPunching":0,"ChangeoverPositionCutting":0,"OffsetSideStop":0,"ZeroPointTool4":0,"ChangePositionTool4":0,"XAxisAcceleration":0,"XAxisUnblockY":0,"YAxisAcceleration":0,"YAxisUnblockXRight":0,"YAxisUnblockXLeft":0,"YAxisSideStop":0,"ZAxisAcceleration":0,"HOMEX_POS":0,"HOMEY_POS":0}
[2026-06-15 19:06:28] LoadFromSettings finished property assignment
[2026-06-15 19:06:28] LoadFromSettings completed
[2026-06-15 19:26:02] SettingsViewModel constructor start
[2026-06-15 19:26:02] Calling LoadFromSettings
[2026-06-15 19:26:02] LoadFromSettings called with: {"SpeedX":30,"SpeedY":30,"SpeedXHand":50,"SpeedYHand":200,"SpeedZ":1000,"SpeedZHand":200,"XMin":70,"XMax":50,"YMin":60,"YMax":800,"ZMin":0,"ZMax":500,"ToolLength1":150,"ToolLength2":250,"ToolLength3":350,"ToolLength4":450,"T1OffsetPos":10,"T2OffsetPos":20,"T3OffsetPos":30,"T4OffsetPos":40,"T1OffsetPosX":300,"T2OffsetPosX":400,"T3OffsetPosX":50,"T4OffsetPosX":60,"HomeX":0,"HomeY":0,"SafetyHeight":50,"ClampForce":100,"SuperviseTimePunching":0,"RunningTimeBeltWorkpiece":0,"RunningTimeBeltRest":0,"WaitingTimeClosingGrippers":0,"WaitingTimeOpenGrippers":0,"WaitingTimeClosingClamping":0,"WaitingTimeOpenClamping":0,"PartDropOffPosition":0,"GrabPositionGripper":0,"ChangeoverPositionPunching":0,"ChangeoverPositionCutting":0,"OffsetSideStop":0,"ZeroPointTool4":0,"ChangePositionTool4":0,"XAxisAcceleration":0,"XAxisUnblockY":0,"YAxisAcceleration":0,"YAxisUnblockXRight":0,"YAxisUnblockXLeft":0,"YAxisSideStop":0,"ZAxisAcceleration":0,"HOMEX_POS":0,"HOMEY_POS":0}
[2026-06-15 19:26:02] LoadFromSettings finished property assignment
[2026-06-15 19:26:02] LoadFromSettings completed
[2026-06-15 21:21:57] SettingsViewModel constructor start
[2026-06-15 21:21:57] Calling LoadFromSettings
[2026-06-15 21:21:57] LoadFromSettings called with: {"SpeedX":30,"SpeedY":30,"SpeedXHand":50,"SpeedYHand":200,"SpeedZ":1000,"SpeedZHand":200,"XMin":70,"XMax":50,"YMin":60,"YMax":800,"ZMin":0,"ZMax":500,"ToolLength1":150,"ToolLength2":250,"ToolLength3":350,"ToolLength4":450,"T1OffsetPos":10,"T2OffsetPos":20,"T3OffsetPos":30,"T4OffsetPos":40,"T1OffsetPosX":300,"T2OffsetPosX":400,"T3OffsetPosX":50,"T4OffsetPosX":60,"HomeX":0,"HomeY":0,"SafetyHeight":50,"ClampForce":100,"SuperviseTimePunching":0,"RunningTimeBeltWorkpiece":0,"RunningTimeBeltRest":0,"WaitingTimeClosingGrippers":0,"WaitingTimeOpenGrippers":0,"WaitingTimeClosingClamping":0,"WaitingTimeOpenClamping":0,"PartDropOffPosition":0,"GrabPositionGripper":0,"ChangeoverPositionPunching":0,"ChangeoverPositionCutting":0,"OffsetSideStop":0,"ZeroPointTool4":0,"ChangePositionTool4":0,"XAxisAcceleration":0,"XAxisUnblockY":0,"YAxisAcceleration":0,"YAxisUnblockXRight":0,"YAxisUnblockXLeft":0,"YAxisSideStop":0,"ZAxisAcceleration":0,"HOMEX_POS":0,"HOMEY_POS":0}
[2026-06-15 21:21:57] LoadFromSettings finished property assignment
[2026-06-15 21:21:57] LoadFromSettings completed
[2026-06-15 21:35:07] SettingsViewModel constructor start
[2026-06-15 21:35:07] Calling LoadFromSettings
[2026-06-15 21:35:07] LoadFromSettings called with: {"SpeedX":1000,"SpeedY":1000,"SpeedXHand":200,"SpeedYHand":200,"SpeedZ":1000,"SpeedZHand":200,"XMin":0,"XMax":1000,"YMin":0,"YMax":600,"ZMin":0,"ZMax":500,"ToolLength1":50,"ToolLength2":50,"ToolLength3":50,"ToolLength4":50,"T1OffsetPos":0,"T2OffsetPos":0,"T3OffsetPos":0,"T4OffsetPos":0,"T1OffsetPosX":0,"T2OffsetPosX":0,"T3OffsetPosX":0,"T4OffsetPosX":0,"HomeX":0,"HomeY":0,"SafetyHeight":50,"ClampForce":100,"SuperviseTimePunching":0,"RunningTimeBeltWorkpiece":0,"RunningTimeBeltRest":0,"WaitingTimeClosingGrippers":0,"WaitingTimeOpenGrippers":0,"WaitingTimeClosingClamping":0,"WaitingTimeOpenClamping":0,"PartDropOffPosition":0,"GrabPositionGripper":0,"ChangeoverPositionPunching":0,"ChangeoverPositionCutting":0,"OffsetSideStop":0,"ZeroPointTool4":0,"ChangePositionTool4":0,"XAxisAcceleration":0,"XAxisUnblockY":0,"YAxisAcceleration":0,"YAxisUnblockXRight":0,"YAxisUnblockXLeft":0,"YAxisSideStop":0,"ZAxisAcceleration":0,"HOMEX_POS":11070,"HOMEY_POS":10565}
[2026-06-15 21:35:07] LoadFromSettings finished property assignment
[2026-06-15 21:35:07] LoadFromSettings completed
[2026-06-15 21:36:32] SettingsViewModel constructor start
[2026-06-15 21:36:32] Calling LoadFromSettings
[2026-06-15 21:36:32] LoadFromSettings called with: {"SpeedX":100,"SpeedY":100,"SpeedXHand":300,"SpeedYHand":200,"SpeedZ":1000,"SpeedZHand":200,"XMin":10,"XMax":100,"YMin":20,"YMax":700,"ZMin":0,"ZMax":500,"ToolLength1":10,"ToolLength2":20,"ToolLength3":30,"ToolLength4":40,"T1OffsetPos":20,"T2OffsetPos":40,"T3OffsetPos":60,"T4OffsetPos":80,"T1OffsetPosX":10,"T2OffsetPosX":30,"T3OffsetPosX":50,"T4OffsetPosX":70,"HomeX":0,"HomeY":0,"SafetyHeight":50,"ClampForce":100,"SuperviseTimePunching":0,"RunningTimeBeltWorkpiece":0,"RunningTimeBeltRest":0,"WaitingTimeClosingGrippers":0,"WaitingTimeOpenGrippers":0,"WaitingTimeClosingClamping":0,"WaitingTimeOpenClamping":0,"PartDropOffPosition":0,"GrabPositionGripper":0,"ChangeoverPositionPunching":0,"ChangeoverPositionCutting":0,"OffsetSideStop":0,"ZeroPointTool4":0,"ChangePositionTool4":0,"XAxisAcceleration":0,"XAxisUnblockY":0,"YAxisAcceleration":0,"YAxisUnblockXRight":0,"YAxisUnblockXLeft":0,"YAxisSideStop":0,"ZAxisAcceleration":0,"HOMEX_POS":11070,"HOMEY_POS":10565}
[2026-06-15 21:36:32] LoadFromSettings finished property assignment
[2026-06-15 21:36:32] LoadFromSettings completed
[2026-06-16 00:39:44] SettingsViewModel constructor start
[2026-06-16 00:39:44] Calling LoadFromSettings
[2026-06-16 00:39:44] LoadFromSettings called with: {"SpeedX":100,"SpeedY":30,"SpeedXHand":300,"SpeedYHand":200,"SpeedZ":1000,"SpeedZHand":200,"XMin":10,"XMax":100,"YMin":20,"YMax":700,"ZMin":0,"ZMax":500,"ToolLength1":10,"ToolLength2":20,"ToolLength3":30,"ToolLength4":40,"T1OffsetPos":20,"T2OffsetPos":40,"T3OffsetPos":60,"T4OffsetPos":80,"T1OffsetPosX":10,"T2OffsetPosX":30,"T3OffsetPosX":50,"T4OffsetPosX":70,"HomeX":0,"HomeY":0,"SafetyHeight":50,"ClampForce":100,"SuperviseTimePunching":0,"RunningTimeBeltWorkpiece":0,"RunningTimeBeltRest":0,"WaitingTimeClosingGrippers":0,"WaitingTimeOpenGrippers":0,"WaitingTimeClosingClamping":0,"WaitingTimeOpenClamping":0,"PartDropOffPosition":0,"GrabPositionGripper":0,"ChangeoverPositionPunching":0,"ChangeoverPositionCutting":0,"OffsetSideStop":0,"ZeroPointTool4":0,"ChangePositionTool4":0,"XAxisAcceleration":0,"XAxisUnblockY":0,"YAxisAcceleration":0,"YAxisUnblockXRight":0,"YAxisUnblockXLeft":0,"YAxisSideStop":0,"ZAxisAcceleration":0,"HOMEX_POS":2042,"HOMEY_POS":0}
[2026-06-16 00:39:44] LoadFromSettings finished property assignment
[2026-06-16 00:39:44] LoadFromSettings completed
[2026-06-16 00:40:26] LoadFromSettings called with: {"SpeedX":100,"SpeedY":30,"SpeedXHand":300,"SpeedYHand":200,"SpeedZ":1000,"SpeedZHand":200,"XMin":10,"XMax":100,"YMin":20,"YMax":700,"ZMin":0,"ZMax":500,"ToolLength1":10,"ToolLength2":20,"ToolLength3":30,"ToolLength4":40,"T1OffsetPos":20,"T2OffsetPos":40,"T3OffsetPos":60,"T4OffsetPos":80,"T1OffsetPosX":10,"T2OffsetPosX":30,"T3OffsetPosX":50,"T4OffsetPosX":70,"HomeX":0,"HomeY":0,"SafetyHeight":50,"ClampForce":100,"SuperviseTimePunching":0,"RunningTimeBeltWorkpiece":0,"RunningTimeBeltRest":0,"WaitingTimeClosingGrippers":0,"WaitingTimeOpenGrippers":0,"WaitingTimeClosingClamping":0,"WaitingTimeOpenClamping":0,"PartDropOffPosition":0,"GrabPositionGripper":0,"ChangeoverPositionPunching":0,"ChangeoverPositionCutting":0,"OffsetSideStop":0,"ZeroPointTool4":0,"ChangePositionTool4":0,"XAxisAcceleration":0,"XAxisUnblockY":0,"YAxisAcceleration":0,"YAxisUnblockXRight":0,"YAxisUnblockXLeft":0,"YAxisSideStop":0,"ZAxisAcceleration":0,"HOMEX_POS":2042,"HOMEY_POS":0}
[2026-06-16 00:40:26] LoadFromSettings finished property assignment
[2026-06-16 00:43:51] SettingsViewModel constructor start
[2026-06-16 00:43:51] Calling LoadFromSettings
[2026-06-16 00:43:51] LoadFromSettings called with: {"SpeedX":100,"SpeedY":30,"SpeedXHand":300,"SpeedYHand":200,"SpeedZ":1000,"SpeedZHand":200,"XMin":10,"XMax":100,"YMin":20,"YMax":700,"ZMin":0,"ZMax":500,"ToolLength1":10,"ToolLength2":20,"ToolLength3":30,"ToolLength4":40,"T1OffsetPos":20,"T2OffsetPos":40,"T3OffsetPos":60,"T4OffsetPos":80,"T1OffsetPosX":10,"T2OffsetPosX":30,"T3OffsetPosX":50,"T4OffsetPosX":70,"HomeX":0,"HomeY":0,"SafetyHeight":50,"ClampForce":100,"SuperviseTimePunching":0,"RunningTimeBeltWorkpiece":0,"RunningTimeBeltRest":0,"WaitingTimeClosingGrippers":0,"WaitingTimeOpenGrippers":0,"WaitingTimeClosingClamping":0,"WaitingTimeOpenClamping":0,"PartDropOffPosition":0,"GrabPositionGripper":0,"ChangeoverPositionPunching":0,"ChangeoverPositionCutting":0,"OffsetSideStop":0,"ZeroPointTool4":0,"ChangePositionTool4":0,"XAxisAcceleration":0,"XAxisUnblockY":0,"YAxisAcceleration":0,"YAxisUnblockXRight":0,"YAxisUnblockXLeft":0,"YAxisSideStop":0,"ZAxisAcceleration":0,"HOMEX_POS":2042,"HOMEY_POS":0}
[2026-06-16 00:43:51] LoadFromSettings finished property assignment
[2026-06-16 00:43:51] LoadFromSettings completed
[2026-06-16 00:44:25] LoadFromSettings called with: {"SpeedX":100,"SpeedY":30,"SpeedXHand":300,"SpeedYHand":200,"SpeedZ":1000,"SpeedZHand":200,"XMin":10,"XMax":100,"YMin":20,"YMax":700,"ZMin":0,"ZMax":500,"ToolLength1":10,"ToolLength2":20,"ToolLength3":30,"ToolLength4":40,"T1OffsetPos":20,"T2OffsetPos":40,"T3OffsetPos":60,"T4OffsetPos":80,"T1OffsetPosX":10,"T2OffsetPosX":30,"T3OffsetPosX":50,"T4OffsetPosX":70,"HomeX":0,"HomeY":0,"SafetyHeight":50,"ClampForce":100,"SuperviseTimePunching":0,"RunningTimeBeltWorkpiece":0,"RunningTimeBeltRest":0,"WaitingTimeClosingGrippers":0,"WaitingTimeOpenGrippers":0,"WaitingTimeClosingClamping":0,"WaitingTimeOpenClamping":0,"PartDropOffPosition":0,"GrabPositionGripper":0,"ChangeoverPositionPunching":0,"ChangeoverPositionCutting":0,"OffsetSideStop":0,"ZeroPointTool4":0,"ChangePositionTool4":0,"XAxisAcceleration":0,"XAxisUnblockY":0,"YAxisAcceleration":0,"YAxisUnblockXRight":0,"YAxisUnblockXLeft":0,"YAxisSideStop":0,"ZAxisAcceleration":0,"HOMEX_POS":2042,"HOMEY_POS":0}
[2026-06-16 00:44:25] LoadFromSettings finished property assignment
[2026-06-16 00:46:32] SettingsViewModel constructor start
[2026-06-16 00:46:32] Calling LoadFromSettings
[2026-06-16 00:46:32] LoadFromSettings called with: {"SpeedX":100,"SpeedY":30,"SpeedXHand":300,"SpeedYHand":200,"SpeedZ":1000,"SpeedZHand":200,"XMin":10,"XMax":100,"YMin":20,"YMax":700,"ZMin":0,"ZMax":500,"ToolLength1":10,"ToolLength2":20,"ToolLength3":30,"ToolLength4":40,"T1OffsetPos":20,"T2OffsetPos":40,"T3OffsetPos":60,"T4OffsetPos":80,"T1OffsetPosX":10,"T2OffsetPosX":30,"T3OffsetPosX":50,"T4OffsetPosX":70,"HomeX":0,"HomeY":0,"SafetyHeight":50,"ClampForce":100,"SuperviseTimePunching":0,"RunningTimeBeltWorkpiece":0,"RunningTimeBeltRest":0,"WaitingTimeClosingGrippers":0,"WaitingTimeOpenGrippers":0,"WaitingTimeClosingClamping":0,"WaitingTimeOpenClamping":0,"PartDropOffPosition":0,"GrabPositionGripper":0,"ChangeoverPositionPunching":0,"ChangeoverPositionCutting":0,"OffsetSideStop":0,"ZeroPointTool4":0,"ChangePositionTool4":0,"XAxisAcceleration":0,"XAxisUnblockY":0,"YAxisAcceleration":0,"YAxisUnblockXRight":0,"YAxisUnblockXLeft":0,"YAxisSideStop":0,"ZAxisAcceleration":0,"HOMEX_POS":2042,"HOMEY_POS":0}
[2026-06-16 00:46:32] LoadFromSettings finished property assignment
[2026-06-16 00:46:32] LoadFromSettings completed
[2026-06-16 00:47:26] LoadFromSettings called with: {"SpeedX":100,"SpeedY":30,"SpeedXHand":300,"SpeedYHand":200,"SpeedZ":1000,"SpeedZHand":200,"XMin":10,"XMax":100,"YMin":20,"YMax":700,"ZMin":0,"ZMax":500,"ToolLength1":10,"ToolLength2":20,"ToolLength3":30,"ToolLength4":40,"T1OffsetPos":20,"T2OffsetPos":40,"T3OffsetPos":60,"T4OffsetPos":80,"T1OffsetPosX":10,"T2OffsetPosX":30,"T3OffsetPosX":50,"T4OffsetPosX":70,"HomeX":0,"HomeY":0,"SafetyHeight":50,"ClampForce":100,"SuperviseTimePunching":0,"RunningTimeBeltWorkpiece":0,"RunningTimeBeltRest":0,"WaitingTimeClosingGrippers":0,"WaitingTimeOpenGrippers":0,"WaitingTimeClosingClamping":0,"WaitingTimeOpenClamping":0,"PartDropOffPosition":0,"GrabPositionGripper":0,"ChangeoverPositionPunching":0,"ChangeoverPositionCutting":0,"OffsetSideStop":0,"ZeroPointTool4":0,"ChangePositionTool4":0,"XAxisAcceleration":0,"XAxisUnblockY":0,"YAxisAcceleration":0,"YAxisUnblockXRight":0,"YAxisUnblockXLeft":0,"YAxisSideStop":0,"ZAxisAcceleration":0,"HOMEX_POS":2042,"HOMEY_POS":0}
[2026-06-16 00:47:26] LoadFromSettings finished property assignment
[2026-06-16 00:48:39] SettingsViewModel constructor start
[2026-06-16 00:48:39] Calling LoadFromSettings
[2026-06-16 00:48:39] LoadFromSettings called with: {"SpeedX":100,"SpeedY":30,"SpeedXHand":300,"SpeedYHand":200,"SpeedZ":1000,"SpeedZHand":200,"XMin":10,"XMax":100,"YMin":20,"YMax":700,"ZMin":0,"ZMax":500,"ToolLength1":10,"ToolLength2":20,"ToolLength3":30,"ToolLength4":40,"T1OffsetPos":20,"T2OffsetPos":40,"T3OffsetPos":60,"T4OffsetPos":80,"T1OffsetPosX":10,"T2OffsetPosX":30,"T3OffsetPosX":50,"T4OffsetPosX":70,"HomeX":0,"HomeY":0,"SafetyHeight":50,"ClampForce":100,"SuperviseTimePunching":0,"RunningTimeBeltWorkpiece":0,"RunningTimeBeltRest":0,"WaitingTimeClosingGrippers":0,"WaitingTimeOpenGrippers":0,"WaitingTimeClosingClamping":0,"WaitingTimeOpenClamping":0,"PartDropOffPosition":0,"GrabPositionGripper":0,"ChangeoverPositionPunching":0,"ChangeoverPositionCutting":0,"OffsetSideStop":0,"ZeroPointTool4":0,"ChangePositionTool4":0,"XAxisAcceleration":0,"XAxisUnblockY":0,"YAxisAcceleration":0,"YAxisUnblockXRight":0,"YAxisUnblockXLeft":0,"YAxisSideStop":0,"ZAxisAcceleration":0,"HOMEX_POS":2042,"HOMEY_POS":0}
[2026-06-16 00:48:39] LoadFromSettings finished property assignment
[2026-06-16 00:48:39] LoadFromSettings completed
[2026-06-16 00:49:29] LoadFromSettings called with: {"SpeedX":100,"SpeedY":30,"SpeedXHand":300,"SpeedYHand":200,"SpeedZ":1000,"SpeedZHand":200,"XMin":10,"XMax":100,"YMin":20,"YMax":700,"ZMin":0,"ZMax":500,"ToolLength1":10,"ToolLength2":20,"ToolLength3":30,"ToolLength4":40,"T1OffsetPos":20,"T2OffsetPos":40,"T3OffsetPos":60,"T4OffsetPos":80,"T1OffsetPosX":10,"T2OffsetPosX":30,"T3OffsetPosX":50,"T4OffsetPosX":70,"HomeX":0,"HomeY":0,"SafetyHeight":50,"ClampForce":100,"SuperviseTimePunching":0,"RunningTimeBeltWorkpiece":0,"RunningTimeBeltRest":0,"WaitingTimeClosingGrippers":0,"WaitingTimeOpenGrippers":0,"WaitingTimeClosingClamping":0,"WaitingTimeOpenClamping":0,"PartDropOffPosition":0,"GrabPositionGripper":0,"ChangeoverPositionPunching":0,"ChangeoverPositionCutting":0,"OffsetSideStop":0,"ZeroPointTool4":0,"ChangePositionTool4":0,"XAxisAcceleration":0,"XAxisUnblockY":0,"YAxisAcceleration":0,"YAxisUnblockXRight":0,"YAxisUnblockXLeft":0,"YAxisSideStop":0,"ZAxisAcceleration":0,"HOMEX_POS":2042,"HOMEY_POS":0}
[2026-06-16 00:49:29] LoadFromSettings finished property assignment
[2026-06-16 00:54:08] SettingsViewModel constructor start
[2026-06-16 00:54:08] Calling LoadFromSettings
[2026-06-16 00:54:08] LoadFromSettings called with: {"SpeedX":100,"SpeedY":30,"SpeedXHand":300,"SpeedYHand":200,"SpeedZ":1000,"SpeedZHand":200,"XMin":10,"XMax":100,"YMin":20,"YMax":700,"ZMin":0,"ZMax":500,"ToolLength1":10,"ToolLength2":20,"ToolLength3":30,"ToolLength4":40,"T1OffsetPos":20,"T2OffsetPos":40,"T3OffsetPos":60,"T4OffsetPos":80,"T1OffsetPosX":10,"T2OffsetPosX":30,"T3OffsetPosX":50,"T4OffsetPosX":70,"HomeX":0,"HomeY":0,"SafetyHeight":50,"ClampForce":100,"SuperviseTimePunching":0,"RunningTimeBeltWorkpiece":0,"RunningTimeBeltRest":0,"WaitingTimeClosingGrippers":0,"WaitingTimeOpenGrippers":0,"WaitingTimeClosingClamping":0,"WaitingTimeOpenClamping":0,"PartDropOffPosition":0,"GrabPositionGripper":0,"ChangeoverPositionPunching":0,"ChangeoverPositionCutting":0,"OffsetSideStop":0,"ZeroPointTool4":0,"ChangePositionTool4":0,"XAxisAcceleration":0,"XAxisUnblockY":0,"YAxisAcceleration":0,"YAxisUnblockXRight":0,"YAxisUnblockXLeft":0,"YAxisSideStop":0,"ZAxisAcceleration":0,"HOMEX_POS":2042,"HOMEY_POS":0}
[2026-06-16 00:54:09] LoadFromSettings finished property assignment
[2026-06-16 00:54:09] LoadFromSettings completed
[2026-06-16 00:54:59] LoadFromSettings called with: {"SpeedX":100,"SpeedY":30,"SpeedXHand":300,"SpeedYHand":200,"SpeedZ":1000,"SpeedZHand":200,"XMin":10,"XMax":100,"YMin":20,"YMax":700,"ZMin":0,"ZMax":500,"ToolLength1":10,"ToolLength2":20,"ToolLength3":30,"ToolLength4":40,"T1OffsetPos":20,"T2OffsetPos":40,"T3OffsetPos":60,"T4OffsetPos":80,"T1OffsetPosX":10,"T2OffsetPosX":30,"T3OffsetPosX":50,"T4OffsetPosX":70,"HomeX":0,"HomeY":0,"SafetyHeight":50,"ClampForce":100,"SuperviseTimePunching":0,"RunningTimeBeltWorkpiece":0,"RunningTimeBeltRest":0,"WaitingTimeClosingGrippers":0,"WaitingTimeOpenGrippers":0,"WaitingTimeClosingClamping":0,"WaitingTimeOpenClamping":0,"PartDropOffPosition":0,"GrabPositionGripper":0,"ChangeoverPositionPunching":0,"ChangeoverPositionCutting":0,"OffsetSideStop":0,"ZeroPointTool4":0,"ChangePositionTool4":0,"XAxisAcceleration":0,"XAxisUnblockY":0,"YAxisAcceleration":0,"YAxisUnblockXRight":0,"YAxisUnblockXLeft":0,"YAxisSideStop":0,"ZAxisAcceleration":0,"HOMEX_POS":2042,"HOMEY_POS":0}
[2026-06-16 00:54:59] LoadFromSettings finished property assignment
[2026-06-16 00:55:45] LoadFromSettings called with: {"SpeedX":100,"SpeedY":30,"SpeedXHand":300,"SpeedYHand":200,"SpeedZ":1000,"SpeedZHand":200,"XMin":10,"XMax":100,"YMin":20,"YMax":700,"ZMin":0,"ZMax":500,"ToolLength1":10,"ToolLength2":20,"ToolLength3":30,"ToolLength4":40,"T1OffsetPos":20,"T2OffsetPos":40,"T3OffsetPos":60,"T4OffsetPos":80,"T1OffsetPosX":10,"T2OffsetPosX":30,"T3OffsetPosX":50,"T4OffsetPosX":70,"HomeX":0,"HomeY":0,"SafetyHeight":50,"ClampForce":100,"SuperviseTimePunching":0,"RunningTimeBeltWorkpiece":0,"RunningTimeBeltRest":0,"WaitingTimeClosingGrippers":0,"WaitingTimeOpenGrippers":0,"WaitingTimeClosingClamping":0,"WaitingTimeOpenClamping":0,"PartDropOffPosition":0,"GrabPositionGripper":0,"ChangeoverPositionPunching":0,"ChangeoverPositionCutting":0,"OffsetSideStop":0,"ZeroPointTool4":0,"ChangePositionTool4":0,"XAxisAcceleration":0,"XAxisUnblockY":0,"YAxisAcceleration":0,"YAxisUnblockXRight":0,"YAxisUnblockXLeft":0,"YAxisSideStop":0,"ZAxisAcceleration":0,"HOMEX_POS":2042,"HOMEY_POS":0}
[2026-06-16 00:55:45] LoadFromSettings finished property assignment
[2026-06-16 00:58:23] SettingsViewModel constructor start
[2026-06-16 00:58:23] Calling LoadFromSettings
[2026-06-16 00:58:23] LoadFromSettings called with: {"SpeedX":100,"SpeedY":30,"SpeedXHand":300,"SpeedYHand":200,"SpeedZ":1000,"SpeedZHand":200,"XMin":10,"XMax":100,"YMin":20,"YMax":700,"ZMin":0,"ZMax":500,"ToolLength1":10,"ToolLength2":20,"ToolLength3":30,"ToolLength4":40,"T1OffsetPos":20,"T2OffsetPos":40,"T3OffsetPos":60,"T4OffsetPos":80,"T1OffsetPosX":10,"T2OffsetPosX":30,"T3OffsetPosX":50,"T4OffsetPosX":70,"HomeX":0,"HomeY":0,"SafetyHeight":50,"ClampForce":100,"SuperviseTimePunching":0,"RunningTimeBeltWorkpiece":0,"RunningTimeBeltRest":0,"WaitingTimeClosingGrippers":0,"WaitingTimeOpenGrippers":0,"WaitingTimeClosingClamping":0,"WaitingTimeOpenClamping":0,"PartDropOffPosition":0,"GrabPositionGripper":0,"ChangeoverPositionPunching":0,"ChangeoverPositionCutting":0,"OffsetSideStop":0,"ZeroPointTool4":0,"ChangePositionTool4":0,"XAxisAcceleration":0,"XAxisUnblockY":0,"YAxisAcceleration":0,"YAxisUnblockXRight":0,"YAxisUnblockXLeft":0,"YAxisSideStop":0,"ZAxisAcceleration":0,"HOMEX_POS":2042,"HOMEY_POS":0}
[2026-06-16 00:58:23] LoadFromSettings finished property assignment
[2026-06-16 00:58:23] LoadFromSettings completed
